node.exe : PASS tests/workerTooltip.test.js
At line:1 char:1
+ & "C:\Program Files\nodejs/node.exe" "C:\Program Files\nodejs/node_mo ...
+ ~~~~~~~~~~~~~~~~~~~~~~~~~~~~~~~~~~~~~~~~~~~~~~~~~~~~~~~~~~~~~~~~~~~~~
    + CategoryInfo          : NotSpecified: (PASS tests/workerTooltip.test.js:String) [], RemoteException
    + FullyQualifiedErrorId : NativeCommandError
 
PASS tests/skillPointsSave.test.js
PASS tests/wgcTabHiddenByDefault.test.js
PASS tests/wgcFacilityTooltips.test.js
PASS tests/colonyNeedBoxCache.test.js
PASS tests/wgcRecruitDialogUpdate.test.js
PASS tests/wgcDifficultyInput.test.js
PASS tests/constructionOfficeUI.test.js
PASS tests/wgcTeamCardLoadDisplay.test.js
PASS tests/negativeWorkersDisplay.test.js
PASS tests/wgcFacilityAlert.test.js
PASS tests/wgcTabDynamicVisibility.test.js
PASS tests/resourceHideRateDisplayToggle.test.js
PASS tests/cargoRocketCostCacheRebuild.test.js
PASS tests/colonySliders.test.js
PASS tests/wgcTeamLockOverlay.test.js
PASS tests/playTimeSave.test.js
PASS tests/wgcStartButton.test.js
PASS tests/spaceMirrorFinerControls.test.js
PASS tests/wgcTravelPersistence.test.js
PASS tests/spaceMirrorAvailableCount.test.js
PASS tests/wgcClassLock.test.js
PASS tests/wgcEquipmentTooltip.test.js
PASS tests/wgcDismissButtonDisabled.test.js
PASS tests/wgcTeamNamePersistence.test.js
PASS tests/loadGamePlanet.test.js
PASS tests/wgcTeamHPBar.test.js
PASS tests/wgcSaveLoad.test.js
PASS tests/wgcUICacheInvalidation.test.js
PASS tests/wgcDifficultyTooltip.test.js
PASS tests/lifeShiftButtonTooltip.test.js
PASS tests/lifeGlobalTemperatureStatus.test.js
PASS tests/lifeRadiationPenaltyDisplay.test.js
PASS tests/planetaryThrustersUIDefault.test.js
PASS tests/wgcClassChangeResetPoints.test.js
PASS tests/colonyUpgrade.test.js
PASS tests/cargoRocketUI.test.js
PASS tests/advancedResearchTravelPersistence.test.js
PASS tests/newGameResetsJournal.test.js
PASS tests/newGameResetsPlanet.test.js
PASS tests/regularResearchTravelReset.test.js
PASS tests/dayNightCycleDuration.test.js
PASS tests/atmosphereOpticalDepthUI.test.js
PASS tests/planetSelection.test.js
PASS tests/resourceTooltipZones.test.js
PASS tests/lifeGrowthRateDisplay.test.js
PASS tests/spaceStorageUI.test.js
PASS tests/initializeGameStateSliders.test.js
PASS tests/journalPersistOnTravel.test.js
PASS tests/lifeUIDisableControls.test.js
PASS tests/spaceStorageProject.test.js
PASS tests/lifeShiftSpendRemove.test.js
PASS tests/lifeUIBiodomesSection.test.js
PASS tests/totalPlayTimeTravel.test.js
PASS tests/lifeStatusTooltip.test.js
PASS tests/alienArtifactTravelPersistence.test.js
PASS tests/gameUpdateTick.test.js
PASS tests/lifeUIDeployButton.test.js
PASS tests/lifeDayNightTemperatureDisplay.test.js
PASS tests/spaceMirrorAnySlider.test.js
PASS tests/lifeOptimalGrowthTempPoints.test.js
PASS tests/temperatureSettingTravel.test.js
PASS tests/wgcSuperalloyUpgradeVisibility.test.js
PASS tests/spaceMirrorFacilityProject.test.js
PASS tests/nanotechNewGameReset.test.js
PASS tests/deeperMiningUIDepthDisplay.test.js
PASS tests/rwgEquilibrateButton.test.js
PASS tests/rwgMagnetosphereDisplay.test.js
PASS tests/spaceMirrorFocusingSlider.test.js
PASS tests/lifeTooltipTempUnit.test.js
PASS tests/spaceStoryWorldTeqGasPressure.test.js
PASS tests/projectReorderVisibleLocked.test.js
PASS tests/spaceExportDisposalContinuousDisplay.test.js
PASS tests/lifeUILockedMessage.test.js
PASS tests/reorderButtonsVisible.test.js
PASS tests/solisRewardTooltip.test.js
PASS tests/rwgAutoSkipLockedTypes.test.js
PASS tests/spaceMirrorTemperatureUnitHeader.test.js
PASS tests/lifeUIPolarTooltip.test.js
PASS tests/spaceMirrorSliderClamp.test.js
PASS tests/wgcDifficultyLabel.test.js
PASS tests/planetaryThrustersNoOvershoot.test.js
PASS tests/planetSelectionBlocked.test.js
PASS tests/temperatureMultiplierDisplay.test.js
PASS tests/naturalMagnetosphere.test.js
PASS tests/planetaryThrustersDayNightCycle.test.js
PASS tests/dysonSwarmTravelPersistence.test.js
PASS tests/solisTravelPersistence.test.js
PASS tests/atmosphereGasStatus.test.js
PASS tests/nanotechConsumptionRate.test.js
PASS tests/spaceExportCapacityTooltip.test.js
PASS tests/planetaryThrustersInvestSaveLoad.test.js
PASS tests/resourceTooltipTime.test.js
PASS tests/projectCostGainDisplay.test.js
PASS tests/spaceshipProjectContinuousGainDisplay.test.js
PASS tests/advancedResearchCompletionTravel.test.js
PASS tests/ecumenopolisUpgrade.test.js
PASS tests/rwgEquilibrateTempsUpdate.test.js
PASS tests/spaceStoryWorldSeedTypeHidden.test.js
PASS tests/rwgSeedOverride.test.js
PASS tests/cargoRocketCacheInvalidation.test.js
PASS tests/spaceshipProjectContinuousCostDisplay.test.js
PASS tests/lifeUICreateButtonEnabled.test.js
PASS tests/spaceUIRandomWorldNoWarning.test.js
PASS tests/indexRuntime.test.js
PASS tests/spaceStorageAutomationRebuild.test.js
PASS tests/cargoRocketSelectionPersistence.test.js
PASS tests/spaceStorageTravelPersistence.test.js
PASS tests/waterOverflowTooltip.test.js
PASS tests/tractorBeamsResearch.test.js
PASS tests/spaceDisposalTemperatureReduction.test.js
PASS tests/colonyGrowthDisplay.test.js
PASS tests/spaceshipProjectContinuousUI.test.js
PASS tests/nanotechEnergyLimit.test.js
PASS tests/rwgGravityWarning.test.js
PASS tests/spaceStorageSuperalloyVisibility.test.js
PASS tests/rwgEndEarlyButton.test.js
PASS tests/cargoRocketContinuousUI.test.js
PASS tests/travelSkillPoint.test.js
PASS tests/researchUnlockAlert.test.js
PASS tests/terraformingSummaryUICreation.test.js
PASS tests/spaceshipProjectAutoStartLabel.test.js
PASS tests/projectReorderSkipInvisible.test.js
PASS tests/planetaryThrustersStarMass.test.js
PASS tests/spaceExportMaxShipDisplay.test.js
PASS tests/projectProgressBarShortDuration.test.js
PASS tests/spaceCurrentWorldTooltip.test.js
PASS tests/autobuildSetActiveSetting.test.js
PASS tests/dysonSwarmCollectorDuration.test.js
PASS tests/biodomePointsGeneration.test.js
PASS tests/milestoneSilenceAlert.test.js
PASS tests/nanotechGrowthColor.test.js
PASS tests/radiationDisplay.test.js
PASS tests/androidAssignmentUI.test.js
PASS tests/surfaceAlbedoTooltip.test.js
PASS tests/terraformingBoxTooltips.test.js
PASS tests/rwgTargetAuto.test.js
PASS tests/lanternFluxDisplay.test.js
PASS tests/buildingCategoryUnhideButton.test.js
PASS tests/reconstructJournalStateLoad.test.js
PASS tests/goldenAsteroidLoad.test.js
PASS tests/rwgDeterministic.test.js
PASS tests/luminosityDeltaUpdate.test.js
PASS tests/hopeAlert.test.js
PASS tests/autosaveManualSave.test.js
PASS tests/rwgEquilibrateTimeout.test.js
PASS tests/rwgAutoSkipLockedOrbit.test.js
PASS tests/dysonSwarmLockedProjectUI.test.js
PASS tests/colonyHideButtonState.test.js
PASS tests/rwgTravelTerraformedSeed.test.js
PASS tests/automationSettingsCache.test.js
PASS tests/enableWGCTabEffect.test.js
PASS tests/spaceMirrorAverageFluxDisplay.test.js
PASS tests/projectTabClearsSubtabAlert.test.js
PASS tests/lifeTooltipZones.test.js
PASS tests/solisMultiply.test.js
PASS tests/storageProvidesScaleWithBuildCount.test.js
PASS tests/solisRewardScaling.test.js
PASS tests/solisArtifactDonationUI.test.js
PASS tests/luminosityFluxTooltip.test.js
PASS tests/solisSilenceAlert.test.js
PASS tests/planetaryThrustersEnergySpent.test.js
PASS tests/setActiveToTargetButton.test.js
PASS tests/spaceRandomTabHiddenByDefault.test.js
PASS tests/preTravelSave.test.js
PASS tests/spaceStorageAutomationSettings.test.js
PASS tests/groundAlbedoTooltip.test.js
PASS tests/workerPriorityUI.test.js
PASS tests/journalQueue.test.js
PASS tests/dayNightIconDisplay.test.js
PASS tests/advancedResearchSubtabReset.test.js
PASS tests/hydrocarbonResearchVisibility.test.js
PASS tests/dayNightDisplayHidden.test.js
PASS tests/undergroundExpansionProject.test.js
PASS tests/goldenAsteroidOnload.test.js
PASS tests/spaceRandomTabReset.test.js
PASS tests/spaceStoryWorldDetails.test.js
PASS tests/spaceStorageRunLabel.test.js
PASS tests/journalChapterGrouping.test.js
PASS tests/buildingTabClearsSubtabAlert.test.js
PASS tests/dysonSwarmCollectorCostDisplay.test.js
PASS tests/resourceTooltipAutobuildCost.test.js
PASS tests/prodConsElementReuse.test.js
PASS tests/journalNavigation.test.js
PASS tests/landTooltip.test.js
PASS tests/milestoneSubtabAlert.test.js
PASS tests/researchCostOrderUpdate.test.js
PASS tests/playTimeDisplay.test.js
PASS tests/uiUtils.test.js
PASS tests/nanotechMaxColor.test.js
PASS tests/spaceUIPlanetVisibility.test.js
PASS tests/currentWorldUICache.test.js
PASS tests/toggleAllButtons.test.js
PASS tests/pauseButton.test.js
PASS tests/warningCaching.test.js
PASS tests/workerRequirementColor.test.js
PASS tests/journalClearQueueHistory.test.js
PASS tests/toggleButtonLoad.test.js
PASS tests/androidTooltipAssignments.test.js
PASS tests/rwgCelsiusDisplay.test.js
PASS tests/currentObjectiveUI.test.js
PASS tests/solisSubtabAlert.test.js
PASS tests/spaceUIInitializeOnce.test.js
PASS tests/planetaryThrustersOrientation.test.js
PASS tests/rwgHZOrbitVariability.test.js
PASS tests/waterRateThreshold.test.js
PASS tests/projectLoadStateUI.test.js
PASS tests/rwgHotColdOrbitFlux.test.js
PASS tests/rwgUILockStateSync.test.js
PASS tests/spaceRandomTabRwgUI.test.js
PASS tests/lifeCoverageTable.test.js
PASS tests/solisResearchUpgradeUI.test.js
PASS tests/advancedResearchLockedNoAlert.test.js
PASS tests/solisPointsDisplay.test.js
PASS tests/resourceRateUnstableDisplay.test.js
PASS tests/dayNightDisplayCache.test.js
PASS tests/resourceTooltipUnits.test.js
PASS tests/statisticsDisplay.test.js
PASS tests/rwgTravelButton.test.js
PASS tests/skillsUI.test.js
PASS tests/nanotechTravel.test.js
PASS tests/resourceHideWhenSmall.test.js
PASS tests/structureButtonNameNode.test.js
PASS tests/updateRateTable.test.js
PASS tests/researchVisibilityButtonEnabled.test.js
PASS tests/buildingSubtabSwitchClearsAlert.test.js
PASS tests/resourceTooltipTotals.test.js
PASS tests/emptyBuildingMessagesCache.test.js
PASS tests/tabVisibilityReset.test.js
PASS tests/terraformingCompletionButton.test.js
PASS tests/milestoneHappinessReady.test.js
PASS tests/scannerProjectUIUpdate.test.js
PASS tests/spaceMirrorFluxDisplay.test.js
PASS tests/goldenAsteroidReload.test.js
PASS tests/planetaryThrustersVisibility.test.js
PASS tests/projectCollapse.test.js
PASS tests/nanotechGrowthPrecision.test.js
PASS tests/megaProjectsVisibility.test.js
PASS tests/enableSpaceRandomTabEffect.test.js
PASS tests/lifeLuminosityTable.test.js
PASS tests/projectUnlockAlert.test.js
PASS tests/solisTabDynamicVisibility.test.js
PASS tests/rwgProgressBar.test.js
PASS tests/nanocolonyPlacement.test.js
PASS tests/researchVisibilityLimit.test.js
PASS tests/buildingActiveSubtabUnlock.test.js
PASS tests/wgcArtifactDisplayFormat.test.js
PASS tests/terraformingCompletionError.test.js
PASS tests/wgcRDHeader.test.js
PASS tests/moonWarning.test.js
PASS tests/solisTabHiddenByDefault.test.js
PASS tests/researchVisibilityUnavailable.test.js
PASS tests/buildingUnlockAlert.test.js
PASS tests/spaceStorageTransferRateDisplay.test.js
PASS tests/buildCountProdConsDisplay.test.js
PASS tests/specialProjectsVisibility.test.js
PASS tests/researchAlertPersistence.test.js
PASS tests/chapter13_2SolisAlert.test.js
PASS tests/projectAutomationControls.test.js
PASS tests/activateProjectSubtabEffect.test.js
PASS tests/journalLoadEntries.test.js
PASS tests/festivalStacking.test.js
PASS tests/wgcCriticalSuccess.test.js
PASS tests/projectsUIInitialization.test.js
PASS tests/journalArrowDisabled.test.js
PASS tests/enableSolisTabEffect.test.js
PASS tests/equilibriumConstants.test.js
PASS tests/windTurbineMultiplier.test.js
PASS tests/journalReconstruction.test.js
PASS tests/activateResearchSubtabEffect.test.js
PASS tests/workerPriorityProductivity.test.js
PASS tests/planetInitialAvgTempPhysics.test.js
PASS tests/manualToggleUnchecksAutoActive.test.js
PASS tests/weightedSolarFlux.test.js
PASS tests/temperatureDisplay.test.js
PASS tests/flowMeltRate.test.js
PASS tests/synchronizeGlobalResources.test.js
PASS tests/celestialParametersPersistence.test.js
PASS tests/lanternFlux.test.js
PASS tests/terraformingUtilsIntegration.test.js
PASS tests/oxygenMethaneCombustion.test.js
PASS tests/methaneRates.test.js
PASS tests/androidResearchProduction.test.js
PASS tests/solisQuestCostDisplay.test.js
PASS tests/wgcRecallLog.test.js
PASS tests/initialSolarFlux.test.js
PASS tests/advancedResearchReveal.test.js
PASS tests/surfaceFractions.test.js
PASS tests/resourceCollapse.test.js
PASS tests/surfaceMeltProportional.test.js
PASS tests/phaseChangeUtils.test.js
PASS tests/hyperionLanternResearch.test.js
PASS tests/jumpToChapter.test.js
PASS tests/terraformingUtils.test.js
PASS tests/zonalSurfaceOverride.test.js
PASS tests/dysonSwarmCollector.test.js
PASS tests/indexImports.test.js
PASS tests/solisResourceUpgrades.test.js
PASS tests/starLuminosityFlux.test.js
PASS tests/dysonSwarmCardVisibility.test.js
PASS tests/projectStoryStepPersistence.test.js
PASS tests/spaceMiningPressureInput.test.js
PASS tests/wgcDifficultyMilestone.test.js
PASS tests/reconstructJournalState.test.js
PASS tests/hydrology.test.js
PASS tests/mirrorOversightSettings.test.js
PASS tests/rwgFinalTemps.test.js
PASS tests/storyWorldOriginalSurface.test.js
PASS tests/ghgFactoryTempDisable.test.js
PASS tests/physics.test.js
PASS tests/journalAutoScroll.test.js
PASS tests/addedWorkerNeed.test.js
PASS tests/rwgPhysicsTemperature.test.js
PASS tests/spaceDisposalTemperatureSettings.test.js
PASS tests/spaceMirrorFocusingEffect.test.js
PASS tests/researchToggleCompleted.test.js
PASS tests/spaceMiningMetalPenalty.test.js
PASS tests/pauseAlert.test.js
PASS tests/geothermalResearchVisibility.test.js
PASS tests/journalToggle.test.js
PASS tests/lifePointCostPurchase.test.js
PASS tests/waterLeak.test.js
PASS tests/colonistCapCrop.test.js
PASS tests/wgcSuperalloyUpgrade.test.js
PASS tests/zones.test.js
PASS tests/orbitalRingProjectParameters.test.js
PASS tests/spaceDisposalTemperatureInput.test.js
PASS tests/atmosphericCollectorUnlock.test.js
PASS tests/deeperMiningResumeAfterMaxDepth.test.js
PASS tests/waitForCapacity.test.js
PASS tests/nanotechGrowth.test.js
PASS tests/methaneCondensationSmoothing.test.js
PASS tests/systemPopupEvent.test.js
PASS tests/interrogateAlienStoryStepsOnce.test.js
PASS tests/effectiveAlbedoLife.test.js
PASS tests/reconstructJournalStateSkipAnyChapter.test.js
PASS tests/newSkillsParameters.test.js
PASS tests/importColonistsRate.test.js
PASS tests/wgcTeamMember.test.js
PASS tests/fastForwardToEquilibrium.test.js
PASS tests/skills.test.js
PASS tests/milestoneAlert.test.js
PASS tests/initialTemperature.test.js
PASS tests/cargoRocketProject.test.js
PASS tests/spaceshipProjectContinuous.test.js
PASS tests/spaceDisposalProject.test.js
PASS tests/earthProbeProject.test.js
PASS tests/wgcLevelUp.test.js
PASS tests/calculateZoneSolarFlux.test.js
PASS tests/ecumenopolisTemperaturePenalty.test.js
PASS tests/formatNumberLargeUnits.test.js
PASS tests/chapterAutoClear.test.js
PASS tests/randomTravelSkillPoint.test.js
PASS tests/undergroundHabitatsResearch.test.js
PASS tests/wgcSocialScienceEscalation.test.js
PASS tests/consumptionMultiplierEffect.test.js
PASS tests/colonyEnergyPenalty.test.js
PASS tests/orbitalRingTravelPersistence.test.js
PASS tests/wgcStanceWeights.test.js
PASS tests/gameSpeed.test.js
PASS tests/planetParameters.test.js
PASS tests/cargoRocketRunToggle.test.js
PASS tests/autoActiveEachTick.test.js
PASS tests/waterPumpUnlockChapter.test.js
PASS tests/buildCount.test.js
PASS tests/projectSaveLoadMethods.test.js
PASS tests/scannerStopAtCap.test.js
PASS tests/solisPointsObjective.test.js
PASS tests/showJournalHistory.test.js
PASS tests/spaceMiningRate.test.js
PASS tests/ecumenopolisLifeTarget.test.js
PASS tests/spaceProjectSubclass.test.js
PASS tests/autobuildWorkersBasis.test.js
PASS tests/treatAsBuildingProject.test.js
PASS tests/numbers.test.js
PASS tests/photonThrustersProject.test.js
PASS tests/wgcOperationProgress.test.js
PASS tests/wgcHealthRegen.test.js
PASS tests/wgcLeaderHalfBonus.test.js
PASS tests/autobuildNoActivate.test.js
PASS tests/reconstructJournalStateClear.test.js
PASS tests/maintenanceMultiplier.test.js
PASS tests/autobuilderPause.test.js
PASS tests/callistoChapter.test.js
PASS tests/scannerProjectRate.test.js
PASS tests/projectAutoStartTooltip.test.js
PASS tests/shipEfficiency.test.js
PASS tests/deeperMiningEffectUpdate.test.js
PASS tests/projectProductivityScaling.test.js
PASS tests/spaceExportProject.test.js
PASS tests/waterSpaceMiningReturn.test.js
PASS tests/rapidDryIceSublimation.test.js
PASS tests/spaceMiningPressureSettings.test.js
PASS tests/biodomeSurvival.test.js
PASS tests/wgcRDUpgrade.test.js
PASS tests/spaceManagerTerraformedCount.test.js
PASS tests/loadGameRecalcLand.test.js
PASS tests/globalResearchBoost.test.js
PASS tests/spaceProjectAutomation.test.js
PASS tests/ignoreProductivityConsumption.test.js
PASS tests/modularNuclearReactorResearch.test.js
PASS tests/wgcOperationRestart.test.js
PASS tests/undergroundExpansionCostScaling.test.js
PASS tests/atmosphericCollectorBuilding.test.js
PASS tests/autobuildCostAverage.test.js
PASS tests/autobuildLandPartial.test.js
PASS tests/solisQuestGeneration.test.js
PASS tests/wgcOperationEvents.test.js
PASS tests/dayNightSettingEffects.test.js
PASS tests/wgcTotalOperations.test.js
PASS tests/storyProjectPlanetRestriction.test.js
PASS tests/advancedResearchUnlockChapter.test.js
PASS tests/solisFundingUpgrade.test.js
PASS tests/lifePointCostScaling.test.js
PASS tests/interrogateAlienProject.test.js
PASS tests/wgcNaturalScienceArtifacts.test.js
PASS tests/solisTabHiddenMarkup.test.js
PASS tests/nanotechRandomWorldTravel.test.js
PASS tests/callistoUnlock.test.js
PASS tests/geothermalGeneratorMaintenance.test.js
PASS tests/scannerProjectAutoMax.test.js
PASS tests/spaceManagerOrbitalRingCount.test.js
PASS tests/nanotechnologyStage1Research.test.js
PASS tests/stickyDustTrapProject.test.js
PASS tests/nanotechIntegration.test.js
PASS tests/scanningSpeedMultiplier.test.js
PASS tests/wgcArtifactStance.test.js
PASS tests/solisTierPersistence.test.js
PASS tests/dysonSwarmProject.test.js
PASS tests/earthProbeUnlockChapter.test.js
PASS tests/spaceMirrorOversightResearch.test.js
PASS tests/wgcTabHiddenMarkup.test.js
PASS tests/rwgLuminositySave.test.js
PASS tests/spaceMiningPressureDisable.test.js
PASS tests/biomassDecayNoOxygen.test.js
PASS tests/preserveProjectAutoStart.test.js
PASS tests/storyProjectOrder.test.js
PASS tests/noZeroMaintenanceDisplay.test.js
PASS tests/spaceMirrorDistributionSafeguard.test.js
PASS tests/deeperMiningAndroidAssistOptional.test.js
PASS tests/efficientShipyardsResearch.test.js
PASS tests/solisArtifactDonationScaling.test.js
PASS tests/rwgManagerLocking.test.js
PASS tests/globalMaintenanceReduction.test.js
PASS tests/wgcOperationLogDetails.test.js
PASS tests/wgcEquipmentArtifactChance.test.js
PASS tests/deeperMiningMaxDepth.test.js
PASS tests/projectDurationReduction.test.js
PASS tests/cloningFacilitiesResearch.test.js
PASS tests/solisColonistRocketUpgrade.test.js
PASS tests/prerequisiteCondition.test.js
PASS tests/solisResearchUpgrade.test.js
PASS tests/scannerProjectBuildCount.test.js
PASS tests/hiveMindAndroidsResearch.test.js
PASS tests/oreScanningEffectable.test.js
PASS tests/orbitalRingCanStartLimit.test.js
PASS tests/megaProjectSpaceStorage.test.js
PASS tests/spaceMiningAtmosphericMonitoring.test.js
PASS tests/spaceMirrorFocusingResearch.test.js
PASS tests/deeperMiningCostScaling.test.js
PASS tests/currentPlanetObjectiveDescription.test.js
PASS tests/wgcSkillRollFormat.test.js
PASS tests/wgcTeamTrim.test.js
PASS tests/wgcRecallDifficulty.test.js
PASS tests/undergroundLandExpansionResearch.test.js
PASS tests/terraformingObjectivePlanet.test.js
PASS tests/nextGenerationFusionResearch.test.js
PASS tests/wgcTeamLogs.test.js
PASS tests/wgcRecallOnInjury.test.js
PASS tests/spaceManagerRandomTravel.test.js
PASS tests/autobuildStrategicReserve.test.js
PASS tests/globalCostReduction.test.js
PASS tests/superalloyFoundryResearch.test.js
PASS tests/autobuildTravelPersistence.test.js
PASS tests/hopeTabUnlock.test.js
PASS tests/overflowTotals.test.js
PASS tests/condensationUtils.test.js
PASS tests/projectRateProductivityDisplay.test.js
PASS tests/scannerDepositSync.test.js
PASS tests/infraredVisionResearch.test.js
PASS tests/dysonSwarmEnergyProduction.test.js
PASS tests/buildingProductivityWeighted.test.js
PASS tests/ecumenopolisAndroidStorage.test.js
PASS tests/projectLoadMergeNew.test.js
PASS tests/sustainCostPause.test.js
PASS tests/wgcIndividualMemberName.test.js
PASS tests/wgcRecallOperationNumber.test.js
PASS tests/resourceCostMultiplierEffect.test.js
PASS tests/superalloyResearchUnlock.test.js
PASS tests/anyChapterEvent.test.js
PASS tests/randomWorldKey.test.js
PASS tests/orbitalRingLandIncrease.test.js
PASS tests/chapter4ColonistObjective.test.js
PASS tests/spaceDisposalTemperatureDisable.test.js
PASS tests/wgcHighestDifficultyObjective.test.js
PASS tests/shipPriceIncrease.test.js
PASS tests/storyLoadRewards.test.js
PASS tests/lifeDesignPointBonus.test.js
PASS tests/scannerProject.test.js
PASS tests/selfReplicatingShipsResearch.test.js
PASS tests/preTravelWorldState.test.js
PASS tests/assignSpaceshipsMethod.test.js
PASS tests/oxygenFactoryPressureDisable.test.js
PASS tests/lifeGrowthTempToleranceUnit.test.js
PASS tests/wgcOperationSummary.test.js
PASS tests/autobuildLandFail.test.js
PASS tests/biodomeLandCost.test.js
PASS tests/superalloyFusionReactorResearch.test.js
PASS tests/researchCostMultiplierEffect.test.js
PASS tests/projectRepeatableLoadCompletion.test.js
PASS tests/gravityHappinessPenalty.test.js
PASS tests/wgcFacilityUpgrade.test.js
PASS tests/lifeLuminosityEffect.test.js
PASS tests/continuousRunToggle.test.js
PASS tests/currentPlanetObjective.test.js
PASS tests/optimalGrowthTemperatureCost.test.js
PASS tests/earthProbeObjective.test.js
PASS tests/constructionOfficeState.test.js
PASS tests/wgcXPCatchup.test.js
PASS tests/buildingStrategicReserve.test.js
PASS tests/triangulateAttackProject.test.js
PASS tests/spaceManagerEnableEffect.test.js
PASS tests/alienArtifactResource.test.js
PASS tests/autoBuildRecalc.test.js
PASS tests/spaceMiningDefaultPressure.test.js
PASS tests/wgcOperationDifficulty.test.js
PASS tests/spaceshipReplication.test.js
PASS tests/buildInactiveLand.test.js
PASS tests/autoBuildPriority.test.js
PASS tests/globalWorkerReduction.test.js
PASS tests/precipitationSmoothing.test.js
PASS tests/spaceMiningPressureLimit.test.js
PASS tests/cloningFacilityBuilding.test.js
PASS tests/androidOverCapUnassign.test.js
PASS tests/journalCompletionPrerequisite.test.js
PASS tests/advancedResearchProduction.test.js
PASS tests/projectAutoAssign.test.js
PASS tests/hydrocarbonResearchUnlock.test.js
PASS tests/wgcXPScaling.test.js
PASS tests/spaceRandomTabHiddenMarkup.test.js
PASS tests/ecumenopolisDistrictResearch.test.js
PASS tests/lifeGrowthMultiplierEffect.test.js
PASS tests/solisInitialQuest.test.js
PASS tests/saveToFileFilename.test.js
PASS tests/hyperionLanternBuilding.test.js
PASS tests/wgcTotalArtifacts.test.js
PASS tests/geologicalBurialCO2.test.js
PASS tests/lifeCancelDeployment.test.js
PASS tests/wgcClassDescription.test.js
PASS tests/spaceStorageResearch.test.js
PASS tests/projectSustainRateDisplay.test.js
PASS tests/androidAssistedMiningResearch.test.js
PASS tests/fundingRewards.test.js
PASS tests/atmosphericMonitoringResearch.test.js
PASS tests/storyLoadMissingEffects.test.js
PASS tests/dysonSwarmResearch.test.js
PASS tests/solisAutoGenerate.test.js
PASS tests/deeperMiningRegisterMine.test.js
PASS tests/rwgGasGiantRadius.test.js
PASS tests/assignAndroidsMethod.test.js
PASS tests/adaptedFissionPowerResearch.test.js
PASS tests/condensationBoiling.test.js
PASS tests/solisCompletionCooldown.test.js
PASS tests/cloningConceptResearch.test.js
PASS tests/advancedResearchPurchase.test.js
PASS tests/globalPopulationGrowth.test.js

Test Suites: 566 passed, 566 total
Tests:       870 passed, 870 total
Snapshots:   0 total
Time:        7.18 s
Ran all test suites.
